MSBuild version 17.9.4+90725d08d for .NET
  Determining projects to restore...
  All projects are up-to-date for restore.
C:\Program Files\dotnet\sdk\8.0.200\Microsoft.Common.CurrentVersion.targets(5254,5): warning MSB3026: Could not copy "D:\My_PaidProjects\slic-flood-management\obj\Debug\net8.0\apphost.exe" to "bin\Debug\net8.0\FloodApp.exe". Beginning retry 1 in 1000ms. The process cannot access the file 'D:\My_PaidProjects\slic-flood-management\bin\Debug\net8.0\FloodApp.exe' because it is being used by another process. The file is locked by: "FloodApp (40636)" [D:\My_PaidProjects\slic-flood-management\FloodApp.csproj]
C:\Program Files\dotnet\sdk\8.0.200\Microsoft.Common.CurrentVersion.targets(5254,5): warning MSB3026: Could not copy "D:\My_PaidProjects\slic-flood-management\obj\Debug\net8.0\apphost.exe" to "bin\Debug\net8.0\FloodApp.exe". Beginning retry 2 in 1000ms. The process cannot access the file 'D:\My_PaidProjects\slic-flood-management\bin\Debug\net8.0\FloodApp.exe' because it is being used by another process. The file is locked by: "FloodApp (40636)" [D:\My_PaidProjects\slic-flood-management\FloodApp.csproj]
C:\Program Files\dotnet\sdk\8.0.200\Microsoft.Common.CurrentVersion.targets(5254,5): warning MSB3026: Could not copy "D:\My_PaidProjects\slic-flood-management\obj\Debug\net8.0\apphost.exe" to "bin\Debug\net8.0\FloodApp.exe". Beginning retry 3 in 1000ms. The process cannot access the file 'D:\My_PaidProjects\slic-flood-management\bin\Debug\net8.0\FloodApp.exe' because it is being used by another process. The file is locked by: "FloodApp (40636)" [D:\My_PaidProjects\slic-flood-management\FloodApp.csproj]
C:\Program Files\dotnet\sdk\8.0.200\Microsoft.Common.CurrentVersion.targets(5254,5): warning MSB3026: Could not copy "D:\My_PaidProjects\slic-flood-management\obj\Debug\net8.0\apphost.exe" to "bin\Debug\net8.0\FloodApp.exe". Beginning retry 4 in 1000ms. The process cannot access the file 'D:\My_PaidProjects\slic-flood-management\bin\Debug\net8.0\FloodApp.exe' because it is being used by another process. The file is locked by: "FloodApp (40636)" [D:\My_PaidProjects\slic-flood-management\FloodApp.csproj]
C:\Program Files\dotnet\sdk\8.0.200\Microsoft.Common.CurrentVersion.targets(5254,5): warning MSB3026: Could not copy "D:\My_PaidProjects\slic-flood-management\obj\Debug\net8.0\apphost.exe" to "bin\Debug\net8.0\FloodApp.exe". Beginning retry 5 in 1000ms. The process cannot access the file 'D:\My_PaidProjects\slic-flood-management\bin\Debug\net8.0\FloodApp.exe' because it is being used by another process. The file is locked by: "FloodApp (40636)" [D:\My_PaidProjects\slic-flood-management\FloodApp.csproj]
C:\Program Files\dotnet\sdk\8.0.200\Microsoft.Common.CurrentVersion.targets(5254,5): warning MSB3026: Could not copy "D:\My_PaidProjects\slic-flood-management\obj\Debug\net8.0\apphost.exe" to "bin\Debug\net8.0\FloodApp.exe". Beginning retry 6 in 1000ms. The process cannot access the file 'D:\My_PaidProjects\slic-flood-management\bin\Debug\net8.0\FloodApp.exe' because it is being used by another process. The file is locked by: "FloodApp (40636)" [D:\My_PaidProjects\slic-flood-management\FloodApp.csproj]
C:\Program Files\dotnet\sdk\8.0.200\Microsoft.Common.CurrentVersion.targets(5254,5): warning MSB3026: Could not copy "D:\My_PaidProjects\slic-flood-management\obj\Debug\net8.0\apphost.exe" to "bin\Debug\net8.0\FloodApp.exe". Beginning retry 7 in 1000ms. The process cannot access the file 'D:\My_PaidProjects\slic-flood-management\bin\Debug\net8.0\FloodApp.exe' because it is being used by another process. The file is locked by: "FloodApp (40636)" [D:\My_PaidProjects\slic-flood-management\FloodApp.csproj]
C:\Program Files\dotnet\sdk\8.0.200\Microsoft.Common.CurrentVersion.targets(5254,5): warning MSB3026: Could not copy "D:\My_PaidProjects\slic-flood-management\obj\Debug\net8.0\apphost.exe" to "bin\Debug\net8.0\FloodApp.exe". Beginning retry 8 in 1000ms. The process cannot access the file 'D:\My_PaidProjects\slic-flood-management\bin\Debug\net8.0\FloodApp.exe' because it is being used by another process. The file is locked by: "FloodApp (40636)" [D:\My_PaidProjects\slic-flood-management\FloodApp.csproj]
C:\Program Files\dotnet\sdk\8.0.200\Microsoft.Common.CurrentVersion.targets(5254,5): warning MSB3026: Could not copy "D:\My_PaidProjects\slic-flood-management\obj\Debug\net8.0\apphost.exe" to "bin\Debug\net8.0\FloodApp.exe". Beginning retry 9 in 1000ms. The process cannot access the file 'D:\My_PaidProjects\slic-flood-management\bin\Debug\net8.0\FloodApp.exe' because it is being used by another process. The file is locked by: "FloodApp (40636)" [D:\My_PaidProjects\slic-flood-management\FloodApp.csproj]
C:\Program Files\dotnet\sdk\8.0.200\Microsoft.Common.CurrentVersion.targets(5254,5): warning MSB3026: Could not copy "D:\My_PaidProjects\slic-flood-management\obj\Debug\net8.0\apphost.exe" to "bin\Debug\net8.0\FloodApp.exe". Beginning retry 10 in 1000ms. The process cannot access the file 'D:\My_PaidProjects\slic-flood-management\bin\Debug\net8.0\FloodApp.exe' because it is being used by another process. The file is locked by: "FloodApp (40636)" [D:\My_PaidProjects\slic-flood-management\FloodApp.csproj]
C:\Program Files\dotnet\sdk\8.0.200\Microsoft.Common.CurrentVersion.targets(5254,5): error MSB3027: Could not copy "D:\My_PaidProjects\slic-flood-management\obj\Debug\net8.0\apphost.exe" to "bin\Debug\net8.0\FloodApp.exe". Exceeded retry count of 10. Failed. The file is locked by: "FloodApp (40636)" [D:\My_PaidProjects\slic-flood-management\FloodApp.csproj]
C:\Program Files\dotnet\sdk\8.0.200\Microsoft.Common.CurrentVersion.targets(5254,5): error MSB3021: Unable to copy file "D:\My_PaidProjects\slic-flood-management\obj\Debug\net8.0\apphost.exe" to "bin\Debug\net8.0\FloodApp.exe". The process cannot access the file 'D:\My_PaidProjects\slic-flood-management\bin\Debug\net8.0\FloodApp.exe' because it is being used by another process. [D:\My_PaidProjects\slic-flood-management\FloodApp.csproj]

Build FAILED.

C:\Program Files\dotnet\sdk\8.0.200\Microsoft.Common.CurrentVersion.targets(5254,5): warning MSB3026: Could not copy "D:\My_PaidProjects\slic-flood-management\obj\Debug\net8.0\apphost.exe" to "bin\Debug\net8.0\FloodApp.exe". Beginning retry 1 in 1000ms. The process cannot access the file 'D:\My_PaidProjects\slic-flood-management\bin\Debug\net8.0\FloodApp.exe' because it is being used by another process. The file is locked by: "FloodApp (40636)" [D:\My_PaidProjects\slic-flood-management\FloodApp.csproj]
C:\Program Files\dotnet\sdk\8.0.200\Microsoft.Common.CurrentVersion.targets(5254,5): warning MSB3026: Could not copy "D:\My_PaidProjects\slic-flood-management\obj\Debug\net8.0\apphost.exe" to "bin\Debug\net8.0\FloodApp.exe". Beginning retry 2 in 1000ms. The process cannot access the file 'D:\My_PaidProjects\slic-flood-management\bin\Debug\net8.0\FloodApp.exe' because it is being used by another process. The file is locked by: "FloodApp (40636)" [D:\My_PaidProjects\slic-flood-management\FloodApp.csproj]
C:\Program Files\dotnet\sdk\8.0.200\Microsoft.Common.CurrentVersion.targets(5254,5): warning MSB3026: Could not copy "D:\My_PaidProjects\slic-flood-management\obj\Debug\net8.0\apphost.exe" to "bin\Debug\net8.0\FloodApp.exe". Beginning retry 3 in 1000ms. The process cannot access the file 'D:\My_PaidProjects\slic-flood-management\bin\Debug\net8.0\FloodApp.exe' because it is being used by another process. The file is locked by: "FloodApp (40636)" [D:\My_PaidProjects\slic-flood-management\FloodApp.csproj]
C:\Program Files\dotnet\sdk\8.0.200\Microsoft.Common.CurrentVersion.targets(5254,5): warning MSB3026: Could not copy "D:\My_PaidProjects\slic-flood-management\obj\Debug\net8.0\apphost.exe" to "bin\Debug\net8.0\FloodApp.exe". Beginning retry 4 in 1000ms. The process cannot access the file 'D:\My_PaidProjects\slic-flood-management\bin\Debug\net8.0\FloodApp.exe' because it is being used by another process. The file is locked by: "FloodApp (40636)" [D:\My_PaidProjects\slic-flood-management\FloodApp.csproj]
C:\Program Files\dotnet\sdk\8.0.200\Microsoft.Common.CurrentVersion.targets(5254,5): warning MSB3026: Could not copy "D:\My_PaidProjects\slic-flood-management\obj\Debug\net8.0\apphost.exe" to "bin\Debug\net8.0\FloodApp.exe". Beginning retry 5 in 1000ms. The process cannot access the file 'D:\My_PaidProjects\slic-flood-management\bin\Debug\net8.0\FloodApp.exe' because it is being used by another process. The file is locked by: "FloodApp (40636)" [D:\My_PaidProjects\slic-flood-management\FloodApp.csproj]
C:\Program Files\dotnet\sdk\8.0.200\Microsoft.Common.CurrentVersion.targets(5254,5): warning MSB3026: Could not copy "D:\My_PaidProjects\slic-flood-management\obj\Debug\net8.0\apphost.exe" to "bin\Debug\net8.0\FloodApp.exe". Beginning retry 6 in 1000ms. The process cannot access the file 'D:\My_PaidProjects\slic-flood-management\bin\Debug\net8.0\FloodApp.exe' because it is being used by another process. The file is locked by: "FloodApp (40636)" [D:\My_PaidProjects\slic-flood-management\FloodApp.csproj]
C:\Program Files\dotnet\sdk\8.0.200\Microsoft.Common.CurrentVersion.targets(5254,5): warning MSB3026: Could not copy "D:\My_PaidProjects\slic-flood-management\obj\Debug\net8.0\apphost.exe" to "bin\Debug\net8.0\FloodApp.exe". Beginning retry 7 in 1000ms. The process cannot access the file 'D:\My_PaidProjects\slic-flood-management\bin\Debug\net8.0\FloodApp.exe' because it is being used by another process. The file is locked by: "FloodApp (40636)" [D:\My_PaidProjects\slic-flood-management\FloodApp.csproj]
C:\Program Files\dotnet\sdk\8.0.200\Microsoft.Common.CurrentVersion.targets(5254,5): warning MSB3026: Could not copy "D:\My_PaidProjects\slic-flood-management\obj\Debug\net8.0\apphost.exe" to "bin\Debug\net8.0\FloodApp.exe". Beginning retry 8 in 1000ms. The process cannot access the file 'D:\My_PaidProjects\slic-flood-management\bin\Debug\net8.0\FloodApp.exe' because it is being used by another process. The file is locked by: "FloodApp (40636)" [D:\My_PaidProjects\slic-flood-management\FloodApp.csproj]
C:\Program Files\dotnet\sdk\8.0.200\Microsoft.Common.CurrentVersion.targets(5254,5): warning MSB3026: Could not copy "D:\My_PaidProjects\slic-flood-management\obj\Debug\net8.0\apphost.exe" to "bin\Debug\net8.0\FloodApp.exe". Beginning retry 9 in 1000ms. The process cannot access the file 'D:\My_PaidProjects\slic-flood-management\bin\Debug\net8.0\FloodApp.exe' because it is being used by another process. The file is locked by: "FloodApp (40636)" [D:\My_PaidProjects\slic-flood-management\FloodApp.csproj]
C:\Program Files\dotnet\sdk\8.0.200\Microsoft.Common.CurrentVersion.targets(5254,5): warning MSB3026: Could not copy "D:\My_PaidProjects\slic-flood-management\obj\Debug\net8.0\apphost.exe" to "bin\Debug\net8.0\FloodApp.exe". Beginning retry 10 in 1000ms. The process cannot access the file 'D:\My_PaidProjects\slic-flood-management\bin\Debug\net8.0\FloodApp.exe' because it is being used by another process. The file is locked by: "FloodApp (40636)" [D:\My_PaidProjects\slic-flood-management\FloodApp.csproj]
C:\Program Files\dotnet\sdk\8.0.200\Microsoft.Common.CurrentVersion.targets(5254,5): error MSB3027: Could not copy "D:\My_PaidProjects\slic-flood-management\obj\Debug\net8.0\apphost.exe" to "bin\Debug\net8.0\FloodApp.exe". Exceeded retry count of 10. Failed. The file is locked by: "FloodApp (40636)" [D:\My_PaidProjects\slic-flood-management\FloodApp.csproj]
C:\Program Files\dotnet\sdk\8.0.200\Microsoft.Common.CurrentVersion.targets(5254,5): error MSB3021: Unable to copy file "D:\My_PaidProjects\slic-flood-management\obj\Debug\net8.0\apphost.exe" to "bin\Debug\net8.0\FloodApp.exe". The process cannot access the file 'D:\My_PaidProjects\slic-flood-management\bin\Debug\net8.0\FloodApp.exe' because it is being used by another process. [D:\My_PaidProjects\slic-flood-management\FloodApp.csproj]
    10 Warning(s)
    2 Error(s)

Time Elapsed 00:00:12.38
