MSBuild version 17.9.4+90725d08d for .NET
  Determining projects to restore...
  All projects are up-to-date for restore.
D:\My_PaidProjects\slic-flood-management\Services\HistoricalDataService.cs(72,9): error CS1519: Invalid token 'catch' in class, record, struct, or interface member declaration [D:\My_PaidProjects\slic-flood-management\FloodApp.csproj]
D:\My_PaidProjects\slic-flood-management\Services\HistoricalDataService.cs(72,28): error CS8124: Tuple must contain at least two elements. [D:\My_PaidProjects\slic-flood-management\FloodApp.csproj]
D:\My_PaidProjects\slic-flood-management\Services\HistoricalDataService.cs(73,9): error CS1519: Invalid token '{' in class, record, struct, or interface member declaration [D:\My_PaidProjects\slic-flood-management\FloodApp.csproj]
D:\My_PaidProjects\slic-flood-management\Services\HistoricalDataService.cs(74,30): error CS1519: Invalid token '(' in class, record, struct, or interface member declaration [D:\My_PaidProjects\slic-flood-management\FloodApp.csproj]
D:\My_PaidProjects\slic-flood-management\Services\HistoricalDataService.cs(74,31): error CS1031: Type expected [D:\My_PaidProjects\slic-flood-management\FloodApp.csproj]
D:\My_PaidProjects\slic-flood-management\Services\HistoricalDataService.cs(74,31): error CS8124: Tuple must contain at least two elements. [D:\My_PaidProjects\slic-flood-management\FloodApp.csproj]
D:\My_PaidProjects\slic-flood-management\Services\HistoricalDataService.cs(74,31): error CS1026: ) expected [D:\My_PaidProjects\slic-flood-management\FloodApp.csproj]
D:\My_PaidProjects\slic-flood-management\Services\HistoricalDataService.cs(74,31): error CS1519: Invalid token '"Error parsing dataset: "' in class, record, struct, or interface member declaration [D:\My_PaidProjects\slic-flood-management\FloodApp.csproj]
D:\My_PaidProjects\slic-flood-management\Services\HistoricalDataService.cs(74,69): error CS1519: Invalid token ')' in class, record, struct, or interface member declaration [D:\My_PaidProjects\slic-flood-management\FloodApp.csproj]
D:\My_PaidProjects\slic-flood-management\Services\HistoricalDataService.cs(76,5): error CS1022: Type or namespace definition, or end-of-file expected [D:\My_PaidProjects\slic-flood-management\FloodApp.csproj]
D:\My_PaidProjects\slic-flood-management\Services\HistoricalDataService.cs(78,5): error CS8803: Top-level statements must precede namespace and type declarations. [D:\My_PaidProjects\slic-flood-management\FloodApp.csproj]
D:\My_PaidProjects\slic-flood-management\Services\HistoricalDataService.cs(78,5): error CS0106: The modifier 'public' is not valid for this item [D:\My_PaidProjects\slic-flood-management\FloodApp.csproj]
D:\My_PaidProjects\slic-flood-management\Services\HistoricalDataService.cs(110,1): error CS1022: Type or namespace definition, or end-of-file expected [D:\My_PaidProjects\slic-flood-management\FloodApp.csproj]

Build FAILED.

D:\My_PaidProjects\slic-flood-management\Services\HistoricalDataService.cs(72,9): error CS1519: Invalid token 'catch' in class, record, struct, or interface member declaration [D:\My_PaidProjects\slic-flood-management\FloodApp.csproj]
D:\My_PaidProjects\slic-flood-management\Services\HistoricalDataService.cs(72,28): error CS8124: Tuple must contain at least two elements. [D:\My_PaidProjects\slic-flood-management\FloodApp.csproj]
D:\My_PaidProjects\slic-flood-management\Services\HistoricalDataService.cs(73,9): error CS1519: Invalid token '{' in class, record, struct, or interface member declaration [D:\My_PaidProjects\slic-flood-management\FloodApp.csproj]
D:\My_PaidProjects\slic-flood-management\Services\HistoricalDataService.cs(74,30): error CS1519: Invalid token '(' in class, record, struct, or interface member declaration [D:\My_PaidProjects\slic-flood-management\FloodApp.csproj]
D:\My_PaidProjects\slic-flood-management\Services\HistoricalDataService.cs(74,31): error CS1031: Type expected [D:\My_PaidProjects\slic-flood-management\FloodApp.csproj]
D:\My_PaidProjects\slic-flood-management\Services\HistoricalDataService.cs(74,31): error CS8124: Tuple must contain at least two elements. [D:\My_PaidProjects\slic-flood-management\FloodApp.csproj]
D:\My_PaidProjects\slic-flood-management\Services\HistoricalDataService.cs(74,31): error CS1026: ) expected [D:\My_PaidProjects\slic-flood-management\FloodApp.csproj]
D:\My_PaidProjects\slic-flood-management\Services\HistoricalDataService.cs(74,31): error CS1519: Invalid token '"Error parsing dataset: "' in class, record, struct, or interface member declaration [D:\My_PaidProjects\slic-flood-management\FloodApp.csproj]
D:\My_PaidProjects\slic-flood-management\Services\HistoricalDataService.cs(74,69): error CS1519: Invalid token ')' in class, record, struct, or interface member declaration [D:\My_PaidProjects\slic-flood-management\FloodApp.csproj]
D:\My_PaidProjects\slic-flood-management\Services\HistoricalDataService.cs(76,5): error CS1022: Type or namespace definition, or end-of-file expected [D:\My_PaidProjects\slic-flood-management\FloodApp.csproj]
D:\My_PaidProjects\slic-flood-management\Services\HistoricalDataService.cs(78,5): error CS8803: Top-level statements must precede namespace and type declarations. [D:\My_PaidProjects\slic-flood-management\FloodApp.csproj]
D:\My_PaidProjects\slic-flood-management\Services\HistoricalDataService.cs(78,5): error CS0106: The modifier 'public' is not valid for this item [D:\My_PaidProjects\slic-flood-management\FloodApp.csproj]
D:\My_PaidProjects\slic-flood-management\Services\HistoricalDataService.cs(110,1): error CS1022: Type or namespace definition, or end-of-file expected [D:\My_PaidProjects\slic-flood-management\FloodApp.csproj]
    0 Warning(s)
    13 Error(s)

Time Elapsed 00:00:00.94
